// Jest Snapshot v1, https://goo.gl/fbAQLP

exports[`/home/usul/FocusReactive/GitNation/React.Amsterdam/build/coc.html 1`] = `
"<!doctype html>
<html lang=\\"en\\">
  <head>
    <meta charset=\\"utf-8\\">
    <title>Code of Conduct of React Amsterdam</title>
    <meta name=\\"viewport\\" content=\\"width=device-width, initial-scale=1.0\\" />
    <meta name=\\"keywords\\" content=\\"ReactJS, React, React Native, Reason, GraphQL framework,, JavaScript, development, Facebook, workshops, conference\\">
    <meta name=\\"description\\" content=\\"React Amsterdam is a full day two-track conference of all things React, gathering Front End developers across the globe in the tech heart of Europe.\\">
    <meta property=\\"og:url\\" content=\\"https://reactsummit.com\\" />
    <meta property=\\"og:title\\" content=\\"React Summit Amsterdam - The Biggest React Conference Worldwide\\" />
    <meta property=\\"og:description\\" content=\\"React Amsterdam is a full day two-track conference of all things React, gathering Front End developers across the globe in the tech heart of Europe.\\" />
    <meta property=\\"og:image\\" content=\\"https://reactsummit.com/img/og2020.png\\" />
    <meta name=\\"twitter:card\\" content=\\"summary_large_image\\">
    <meta name=\\"twitter:site\\" content=\\"@reactamsterdam\\">
    <meta http-equiv=\\"X-UA-Compatible\\" content=\\"IE=edge\\">
    <link rel=\\"stylesheet\\" media=\\"all\\" href=\\"css/app.css\\">
    <link rel=\\"stylesheet\\" href=\\"https://fonts.googleapis.com/css?family=Lato:300,400,500,700,900\\">
    <link rel=\\"shortcut icon\\" href=\\"img/favicon.png\\" />
  </head>
  <body>
    <!-- BEGIN content -->
    <div class=\\"out\\">
      <header class=\\"header \\">
        <div class=\\"header__inner js-menu\\">
          <div class=\\"header__socials graphcms-container\\" data-id=\\"ck0zi93n8phx10b853erl9psf\\" data-content-type=\\"2d89f139f3d042ab98d212062527eb82\\" data-id-alt=\\"\\" data-content-type-alt=\\"\\">
            <ul class=\\"social\\">
              <li class=\\"social__item\\"><a href=\\"https://twitter.com/reactamsterdam\\" class=\\"social__link\\" target=\\"_blank\\">
                  <svg class=\\"icon icon-tw\\">
                    <use xlink:href=\\"img/sprite.svg?v2#icon-tw\\"></use>
                  </svg>
                </a></li>
              <li class=\\"social__item\\"><a href=\\"https://www.facebook.com/reactamsterdam\\" class=\\"social__link\\" target=\\"_blank\\">
                  <svg class=\\"icon icon-fb\\">
                    <use xlink:href=\\"img/sprite.svg?v2#icon-fb\\"></use>
                  </svg>
                </a></li>
              <li class=\\"social__item\\"><a href=\\"https://youtube.com/c/ReactConferences\\" class=\\"social__link\\" target=\\"_blank\\">
                  <svg class=\\"icon icon-yb\\">
                    <use xlink:href=\\"img/sprite.svg?v2#icon-yb\\"></use>
                  </svg>
                </a></li>
              <li class=\\"social__item\\"><a href=\\"https://reactsummit.com/slack\\" class=\\"social__link\\" target=\\"_blank\\">
                  <svg class=\\"icon icon-sl\\">
                    <use xlink:href=\\"img/sprite.svg?v2#icon-sl\\"></use>
                  </svg>
                </a></li>
              <li class=\\"social__item\\"><a href=\\"https://medium.com/@ReactAmsterdam\\" class=\\"social__link\\" target=\\"_blank\\">
                  <svg class=\\"icon icon-md\\">
                    <use xlink:href=\\"img/sprite.svg?v2#icon-md\\"></use>
                  </svg>
                </a></li>
            </ul>
          </div>
          <div class=\\"header__nav graphcms-container\\" data-id=\\"ck1821481qob90b49rwasqgcn\\" data-content-type=\\"371641c28b044b00bf532b2dd6e1516d\\" data-id-alt=\\"\\" data-content-type-alt=\\"\\">
            <ul class=\\"nav\\">
              <li class=\\"nav__item\\"><a href=\\"/\\" class=\\"nav__link \\">Conference page</a></li>
            </ul>
          </div>
          <div class=\\"header__btn\\">
            <a class=\\"btn btn--gradient\\" href=\\"https://www.eventbrite.com/e/react-summit-amsterdam-2020-tickets-68861704211#tickets\\">Tickets</a>
          </div>
        </div>
        <div class=\\"header__burger\\">
          <div class=\\"burger js-burger\\">
            <span></span>
            <span></span>
            <span></span>
          </div>
        </div>
      </header>
      <div class=\\"main js-main\\">
        <div class=\\"hero\\" style=\\"background-image:url(img/jobs-bg.jpg);\\">
          <div class=\\"hero__inner graphcms-container\\" data-id=\\"ck1821481qob90b49rwasqgcn\\" data-content-type=\\"371641c28b044b00bf532b2dd6e1516d\\" data-id-alt=\\"\\" data-content-type-alt=\\"\\">
            <div class=\\"hero__logo\\">
              <a href=\\"/\\" class=\\"logo\\"><img src=\\"img/logo-summit.svg\\" alt=\\"React Summit Amsterdam\\"></a>
            </div>
            <div class=\\"hero__suptitle\\">React Summit</div>
            <h1 class=\\"hero__title\\">CODE OF CONDUCT</h1>
          </div>
        </div>
        <div class=\\"section coc\\">
          <div class=\\"container\\">
            <div class=\\"coc__description graphcms-container\\" data-id=\\"ck0zi93n8phx10b853erl9psf\\" data-content-type=\\"2d89f139f3d042ab98d212062527eb82\\" data-id-alt=\\"\\" data-content-type-alt=\\"\\">
              <p>All attendees, speakers, sponsors and volunteers at React Summit Conference and React Amsterdam Meetups are required to follow this Code of Conduct. Organisers will strictly enforce it throughout the events and community gatherings. We expect cooperation from all participants to help ensure a safe environment for everybody.</p>
              <p>In case you have identified a breach of our CoC, please approach our crew (organizers and volunteers in branded t-shirts) immediately or contact our CoC enforcement team - <a href=\\"mailto:coc@gitnation.org\\">coc@gitnation.org</a>, +44 7376 237 299.</p>
            </div>
            <div class=\\"coc__content graphcms-container\\" data-id=\\"ck0zi93n8phx10b853erl9psf\\" data-content-type=\\"2d89f139f3d042ab98d212062527eb82\\" data-id-alt=\\"\\" data-content-type-alt=\\"\\">
              <h2>The Short Version</h2>
              <p>Our conference is dedicated to providing a harassment-free conference experience for everyone, regardless of gender, gender identity and expression, age, sexual orientation, disability, physical appearance, body size, race, ethnicity, religion (or lack thereof), or technology choices. We do not tolerate harassment of conference participants in any form. Sexual language and imagery is not appropriate for any conference venue, including talks, workshops, parties, Twitter and other online media. Conference participants violating these rules may be sanctioned or expelled from the conference without a refund at the discretion of the conference organisers.</p>
              <h2>The Long Version</h2>
              <p>Harassment includes offensive verbal comments related to gender, gender identity and expression, age, sexual orientation, disability, physical appearance, body size, race, ethnicity, religion, technology choices, sexual images in public spaces, deliberate intimidation, stalking, following, harassing photography or recording, sustained disruption of talks or other events, inappropriate physical contact, and unwelcome sexual attention.</p>
              <p>Participants asked to stop any harassing behavior are expected to comply immediately.</p>
              <p>Sponsors are also subject to the anti-harassment policy. In particular, sponsors should not use sexualised images, activities, or other material. Booth staff (including volunteers) should not use sexualised clothing/uniforms/costumes, or otherwise create a sexualised environment.</p>
              <p>If a participant engages in harassing behavior, the conference organisers may take any action they deem appropriate, including warning the offender or expulsion from the conference with no refund.</p>
              <p>If you are being harassed, notice that someone else is being harassed, or have any other concerns, please contact a member of conference staff immediately. Conference staff can be identified as they'll be wearing branded clothing and/or badges.</p>
              <p>Conference staff will be happy to help participants contact hotel/venue security or local law enforcement, provide escorts, or otherwise assist those experiencing harassment to feel safe for the duration of the conference. We value your attendance.</p>
              <p>We expect participants to follow these rules at conference and workshop venues and conference-related social events.</p>
              <p>Original source and credit: <a href=\\"http://2012.jsconf.us/#/about\\">http://2012.jsconf.us/#/about</a> &#x26; The Ada Initiative</p>
              <p>Please help by translating or improving: <a href=\\"https://github.com/leftlogic/confcodeofconduct.com\\">http://github.com/leftlogic/confcodeofconduct.com</a></p>
              <p>This work is licensed under a Creative Commons Attribution 3.0 Unported License</p>
            </div>
          </div>
        </div>
        <footer class=\\"footer section\\">
          <div class=\\"container\\">
            <div class=\\"footer__main\\">
              <h3 class=\\"footer__title section__title\\">
                <span class=\\"graphcms-container\\" data-id=\\"ck1940qcxui7p0b854wsncbjv\\" data-content-type=\\"c04bfcdd2eed47b880588f5506ed4f5a\\" data-id-alt=\\"\\" data-content-type-alt=\\"\\"> Contact Us </span>
              </h3>
              <div class=\\"footer__socials graphcms-container\\" data-id=\\"ck0zi93n8phx10b853erl9psf\\" data-content-type=\\"2d89f139f3d042ab98d212062527eb82\\" data-id-alt=\\"\\" data-content-type-alt=\\"\\">
                <ul class=\\"social social--theme\\">
                  <li class=\\"social__item\\"><a href=\\"https://twitter.com/reactamsterdam\\" class=\\"social__link\\" target=\\"_blank\\">
                      <svg class=\\"icon icon-tw\\">
                        <use xlink:href=\\"img/sprite.svg?v2#icon-tw\\"></use>
                      </svg>
                    </a></li>
                  <li class=\\"social__item\\"><a href=\\"https://www.facebook.com/reactamsterdam\\" class=\\"social__link\\" target=\\"_blank\\">
                      <svg class=\\"icon icon-fb\\">
                        <use xlink:href=\\"img/sprite.svg?v2#icon-fb\\"></use>
                      </svg>
                    </a></li>
                  <li class=\\"social__item\\"><a href=\\"https://youtube.com/c/ReactConferences\\" class=\\"social__link\\" target=\\"_blank\\">
                      <svg class=\\"icon icon-yb\\">
                        <use xlink:href=\\"img/sprite.svg?v2#icon-yb\\"></use>
                      </svg>
                    </a></li>
                  <li class=\\"social__item\\"><a href=\\"https://medium.com/@ReactAmsterdam\\" class=\\"social__link\\" target=\\"_blank\\">
                      <svg class=\\"icon icon-md\\">
                        <use xlink:href=\\"img/sprite.svg?v2#icon-md\\"></use>
                      </svg>
                    </a></li>
                  <li class=\\"social__item\\"><a href=\\"https://reactsummit.com/slack\\" class=\\"social__link\\" target=\\"_blank\\">
                      <svg class=\\"icon icon-sl\\">
                        <use xlink:href=\\"img/sprite.svg?v2#icon-sl\\"></use>
                      </svg>
                    </a></li>
                </ul>
              </div>
              <div class=\\"footer__nav graphcms-container\\" data-id=\\"ck1821481qob90b49rwasqgcn\\" data-content-type=\\"371641c28b044b00bf532b2dd6e1516d\\" data-id-alt=\\"\\" data-content-type-alt=\\"\\">
                <ul class=\\"f-nav\\">
                  <li class=\\"f-nav__item\\"><a href=\\"/\\" class=\\"f-nav__link\\">Back to conference website</a></li>
                  <li class=\\"f-nav__item\\"><a href=\\"/sponsors\\" class=\\"f-nav__link\\">Sponsorship Opportunities</a></li>
                  <li class=\\"f-nav__item\\"><a href=\\"mailto:hi@reactsummit.com\\" class=\\"f-nav__link\\">Email Us!</a></li>
                </ul>
              </div>
            </div>
          </div>
          <div class=\\"footer__basement\\" style=\\"background-image: url(img/f-bg.png)\\">
            <div class=\\"footer__logo\\">
              <div class=\\"f-logo\\">
                <span class=\\"f-logo__label\\">Event by</span>
                <span class=\\"f-logo__icon\\">
                  <img src=\\"img/Smile.svg\\" alt=\\"Frontend nation\\">
                </span>
                <a href=\\"https://gitnation.org\\" class=\\"f-logo__author\\">GitNation</a>
              </div>
            </div>
          </div>
        </footer>
      </div>
    </div>
    <!-- END content -->
    <!-- BEGIN scripts -->
    <script type=\\"text/javascript\\" src=\\"js/app.js\\"></script>
    <!-- END scripts -->
    <div style=\\"display: none;\\">
      <!--LiveInternet counter-->
      <script type=\\"text/javascript\\">
        document.write('<a href=\\"//www.liveinternet.ru/click\\" ' + 'target=\\"_blank\\"><img src=\\"//counter.yadro.ru/hit?t42.6;r' + escape(document.referrer) + ((typeof(screen) == 'undefined') ? '' : ';s' + screen.width + '*' + screen.height + '*' + (screen.colorDepth ? screen.colorDepth : screen.pixelDepth)) + ';u' + escape(document.URL) + ';h' + escape(document.title.substring(0, 150)) + ';' + Math.random() + '\\" alt=\\"\\" title=\\"LiveInternet\\" ' + 'border=\\"0\\" width=\\"31\\" height=\\"31\\"><\\\\/a>')

      </script>
      <!--/LiveInternet-->
    </div>
    <script type=\\"text/javascript\\">
      var _gauges = _gauges || [];
      (function()
      {
        var t = document.createElement('script');
        t.type = 'text/javascript';
        t.async = true;
        t.id = 'gauges-tracker';
        t.setAttribute('data-site-id', '582e1813bb922a0c00011365');
        t.setAttribute('data-track-path', 'https://track.gaug.es/track.gif');
        t.src = 'https://d36ee2fcip1434.cloudfront.net/track.js';
        var s = document.getElementsByTagName('script')[0];
        s.parentNode.insertBefore(t, s);
      })();

    </script>
    <!-- Facebook Pixel Code -->
    <script>
      ! function(f, b, e, v, n, t, s)
      {
        if (f.fbq) return;
        n = f.fbq = function()
        {
          n.callMethod ? n.callMethod.apply(n, arguments) : n.queue.push(arguments)
        };
        if (!f._fbq) f._fbq = n;
        n.push = n;
        n.loaded = !0;
        n.version = '2.0';
        n.queue = [];
        t = b.createElement(e);
        t.async = !0;
        t.src = v;
        s = b.getElementsByTagName(e)[0];
        s.parentNode.insertBefore(t, s)
      }(window, document, 'script', 'https://connect.facebook.net/en_US/fbevents.js');
      fbq('init', '1374905195888955');
      fbq('track', 'PageView');

    </script>
    <noscript><img height=\\"1\\" width=\\"1\\" style=\\"display:none\\" src=\\"https://www.facebook.com/tr?id=1374905195888955&ev=PageView&noscript=1\\" /></noscript>
    <!-- End Facebook Pixel Code -->
  </body>
</html>
"
`;
