// Jest Snapshot v1, https://goo.gl/fbAQLP

exports[`/home/usul/FocusReactive/GitNation/React.Amsterdam/build/extended.html 1`] = `
"<!doctype html>
<html lang=\\"en\\">
  <head>
    <meta charset=\\"utf-8\\">
    <title>Activities Around React Summit Dates</title>
    <meta name=\\"viewport\\" content=\\"width=device-width, initial-scale=1.0\\" />
    <meta name=\\"keywords\\" content=\\"ReactJS, React, React Native, Reason, GraphQL framework,, JavaScript, development, Facebook, workshops, conference\\">
    <meta name=\\"description\\" content=\\"React Summit is a full day two-track conference of all things React, gathering Front End developers across the globe in the tech heart of Europe.\\">
    <meta property=\\"og:url\\" content=\\"https://reactsummit.com\\" />
    <meta property=\\"og:title\\" content=\\"React Summit Amsterdam - The Biggest React Conference Worldwide\\" />
    <meta property=\\"og:description\\" content=\\"React Summit is a full day two-track conference of all things React, gathering Front End developers across the globe in the tech heart of Europe.\\" />
    <meta property=\\"og:image\\" content=\\"https://reactsummit.com/img/og2020.png\\" />
    <meta name=\\"twitter:card\\" content=\\"summary_large_image\\">
    <meta name=\\"twitter:site\\" content=\\"@reactamsterdam\\">
    <meta http-equiv=\\"X-UA-Compatible\\" content=\\"IE=edge\\">
    <link rel=\\"stylesheet\\" media=\\"all\\" href=\\"css/app.css\\">
    <link rel=\\"stylesheet\\" href=\\"https://fonts.googleapis.com/css?family=Lato:300,400,500,700,900\\">
    <link rel=\\"shortcut icon\\" href=\\"img/favicon.png\\" />
  </head>
  <body>
    <!-- BEGIN content -->
    <div class=\\"out\\">
      <header class=\\"header \\">
        <div class=\\"header__inner js-menu\\">
          <div class=\\"header__socials graphcms-container\\" data-id=\\"ck0zi93n8phx10b853erl9psf\\" data-content-type=\\"2d89f139f3d042ab98d212062527eb82\\" data-id-alt=\\"\\" data-content-type-alt=\\"\\">
            <ul class=\\"social\\">
              <li class=\\"social__item\\"><a href=\\"https://twitter.com/reactamsterdam\\" class=\\"social__link\\" target=\\"_blank\\">
                  <svg class=\\"icon icon-tw\\">
                    <use xlink:href=\\"img/sprite.svg?v2#icon-tw\\"></use>
                  </svg>
                </a></li>
              <li class=\\"social__item\\"><a href=\\"https://www.facebook.com/reactamsterdam\\" class=\\"social__link\\" target=\\"_blank\\">
                  <svg class=\\"icon icon-fb\\">
                    <use xlink:href=\\"img/sprite.svg?v2#icon-fb\\"></use>
                  </svg>
                </a></li>
              <li class=\\"social__item\\"><a href=\\"https://youtube.com/c/ReactConferences\\" class=\\"social__link\\" target=\\"_blank\\">
                  <svg class=\\"icon icon-yb\\">
                    <use xlink:href=\\"img/sprite.svg?v2#icon-yb\\"></use>
                  </svg>
                </a></li>
              <li class=\\"social__item\\"><a href=\\"https://reactsummit.com/slack\\" class=\\"social__link\\" target=\\"_blank\\">
                  <svg class=\\"icon icon-sl\\">
                    <use xlink:href=\\"img/sprite.svg?v2#icon-sl\\"></use>
                  </svg>
                </a></li>
              <li class=\\"social__item\\"><a href=\\"https://medium.com/@ReactAmsterdam\\" class=\\"social__link\\" target=\\"_blank\\">
                  <svg class=\\"icon icon-md\\">
                    <use xlink:href=\\"img/sprite.svg?v2#icon-md\\"></use>
                  </svg>
                </a></li>
            </ul>
          </div>
          <div class=\\"header__nav graphcms-container\\" data-id=\\"ck182d8pqqnd70b85v60cgwkb\\" data-content-type=\\"371641c28b044b00bf532b2dd6e1516d\\" data-id-alt=\\"\\" data-content-type-alt=\\"\\">
            <ul class=\\"nav\\">
              <li class=\\"nav__item\\"><a href=\\"#meetups\\" class=\\"nav__link js-scroll-link\\">Pre-party meeetups</a></li>
              <li class=\\"nav__item\\"><a href=\\"#party\\" class=\\"nav__link js-scroll-link\\">React Party</a></li>
              <li class=\\"nav__item\\"><a href=\\"#tour-day\\" class=\\"nav__link js-scroll-link\\">Tour Day</a></li>
              <li class=\\"nav__item\\"><a href=\\"/\\" class=\\"nav__link \\">Conference page</a></li>
            </ul>
          </div>
          <div class=\\"header__btn\\">
            <a class=\\"btn btn--gradient\\" href=\\"https://www.eventbrite.com/e/react-summit-amsterdam-2020-tickets-68861704211#tickets\\">Tickets</a>
          </div>
        </div>
        <div class=\\"header__burger\\">
          <div class=\\"burger js-burger\\">
            <span></span>
            <span></span>
            <span></span>
          </div>
        </div>
      </header>
      <div class=\\"main js-main\\">
        <div class=\\"hero\\" style=\\"background-image:url(img/extended-bg.jpg);\\">
          <div class=\\"hero__inner graphcms-container\\" data-id=\\"ck182d8pqqnd70b85v60cgwkb\\" data-content-type=\\"371641c28b044b00bf532b2dd6e1516d\\" data-id-alt=\\"\\" data-content-type-alt=\\"\\">
            <div class=\\"hero__logo\\">
              <a href=\\"/\\" class=\\"logo\\"><img src=\\"img/logo-summit.svg\\" alt=\\"React Summit Amsterdam\\"></a>
            </div>
            <div class=\\"hero__suptitle\\">ACTIVITIES AROUND REACT SUMMIT DATES</div>
            <h1 class=\\"hero__title\\">April 15-18, 2020, Amsterdam</h1>
            <div class=\\"hero__info\\">
              <ul class=\\"h-list h-list_min\\">
                <li class=\\"h-list__item\\">
                  <div class=\\"h-list__value\\">4</div>
                  <div class=\\"h-list__text\\">Days</div>
                </li>
                <li class=\\"h-list__item\\">
                  <div class=\\"h-list__value\\"><img src=\\"img/infinity.png\\" alt=\\"\\" /></div>
                  <div class=\\"h-list__text\\">Happiness</div>
                </li>
              </ul>
            </div>
          </div>
        </div>
        <section class=\\"section program\\">
          <div class=\\"container\\">
            <div class=\\"program__inner\\">
              <div class=\\"program__item program__item_mb-lg\\">
                <div class=\\"program__subtitle program__subtitle_mb-lg\\">Extended program</div>
                <p class=\\"graphcms-container\\" data-id=\\"ck182d8pqqnd70b85v60cgwkb\\" data-content-type=\\"371641c28b044b00bf532b2dd6e1516d\\" data-id-alt=\\"\\" data-content-type-alt=\\"\\">React Summit is not just a big conference. It is a social and cultural environment designed to fit React crowd in the way engineers like with an extra addition to you regular conference experience.</p>
              </div>
              <div class=\\"program__item\\" id=\\"meetups\\">
                <div class=\\"program__title title-gradient\\">COMMUNITY PRE-PARTIES</div>
                <p class=\\"graphcms-container\\" data-id=\\"ck182d8pqqnd70b85v60cgwkb\\" data-content-type=\\"371641c28b044b00bf532b2dd6e1516d\\" data-id-alt=\\"\\" data-content-type-alt=\\"\\"> Coming to town early? Have time to meet new people to hang around during the conference? We got you covered with 2 confirmed pre-events prior main conference day. </p>
              </div>
            </div>
            <div class=\\"program-map\\">
              <div class=\\"program-map__icon\\">
                <img alt=\\"\\" src=\\"img/map.png\\" />
              </div>
              <div class=\\"program-map__content\\">
                <div class=\\"program-map-item graphcms-container\\" data-id=\\"ck2z5kwradt390b20ure8y981\\" data-content-type=\\"c20fac4698f94d148fcbb27989ef48e4\\" data-id-alt=\\"\\" data-content-type-alt=\\"\\">
                  <div class=\\"program-map-item__content\\">
                    <div class=\\"program-map-item__title\\">
                      <p>GraphQL Mini-Conference</p>
                      <span class=\\"program-map-item__time\\">
                        <p>April 15, 17:30</p>
                      </span>
                    </div>
                    <a href=\\"https://reactamsterdam.slack.com/app_redirect?channel=rs20-apr-15-gql\\" target=\\"_blank\\" class=\\"program-map-item__link\\">
                      <svg class=\\"icon icon-sl\\">
                        <use xlink:href=\\"img/sprite.svg?v2#icon-sl\\"></use>
                      </svg>
                      <span>#rs20-apr-15-gql</span></a>
                  </div>
                  <div class=\\"program-map-item__img\\">
                    <img src=\\"https://media.graphcms.com/Mhzm9nViQ1u8sXZTBpHf\\" alt=\\"&lt;p&gt;GraphQL Mini-Conference&lt;/p&gt;
\\" />
                  </div>
                  <div class=\\"program-map-item__content\\">
                    <a href=\\"https://goo.gl/maps/3s2WzzGhxQmjCfYb9\\" target=\\"_blank\\">
                      <p>TQ, Singel 542,</p>
                      <p>AZ Amsterdam</p>
                    </a>
                    <br /><a href=\\"https://reactgraphql.academy/graphql/mini-conference/\\" target=\\"_blank\\">Register Here</a><br />
                    <br />
                    <p><a href=\\"https://reactgraphql.academy/graphql/mini-conference/\\">Mini-Conf Schedule</a></p>
                  </div>
                </div>
                <div class=\\"program-map-item graphcms-container\\" data-id=\\"ck30k0vo4hqwn0b32tp184h9c\\" data-content-type=\\"c20fac4698f94d148fcbb27989ef48e4\\" data-id-alt=\\"\\" data-content-type-alt=\\"\\">
                  <div class=\\"program-map-item__content\\">
                    <div class=\\"program-map-item__title\\">
                      <p>JAMstack Mini-Conference</p>
                      <span class=\\"program-map-item__time\\">
                        <p>April 16, 18:30</p>
                      </span>
                    </div>
                    <a href=\\"https://reactamsterdam.slack.com/app_redirect?channel=rs20-apr-16-jam\\" target=\\"_blank\\" class=\\"program-map-item__link\\">
                      <svg class=\\"icon icon-sl\\">
                        <use xlink:href=\\"img/sprite.svg?v2#icon-sl\\"></use>
                      </svg>
                      <span>#rs20-apr-16-jam</span></a>
                  </div>
                  <div class=\\"program-map-item__img\\">
                    <img src=\\"https://media.graphcms.com/P9RUR4T72vYWUemPnxIg\\" alt=\\"&lt;p&gt;JAMstack Mini-Conference&lt;/p&gt;
\\" />
                  </div>
                  <div class=\\"program-map-item__content\\">
                    <a href=\\"https://goo.gl/maps/3s2WzzGhxQmjCfYb9\\" target=\\"_blank\\">
                      <p>TQ, Singel 542,</p>
                      <p>AZ Amsterdam</p>
                    </a>
                    <br />
                    <p>The registration will be open soon</p>
                  </div>
                </div>
                <div class=\\"program-map-item graphcms-container\\" data-id=\\"ck30k8r3ywy7s0b738wr2pt6w\\" data-content-type=\\"c20fac4698f94d148fcbb27989ef48e4\\" data-id-alt=\\"\\" data-content-type-alt=\\"\\">
                  <div class=\\"program-map-item__content\\">
                    <div class=\\"program-map-item__title\\">
                      <p>Official Pre-Party Meetup:</p>
                      <p>Entrepreneurial Talks &#x26; Pub Quiz</p>
                      <span class=\\"program-map-item__time\\">
                        <p>April 16, 19:00</p>
                      </span>
                    </div>
                    <a href=\\"https://reactamsterdam.slack.com/app_redirect?channel=rs20-apr-16-pre-party\\" target=\\"_blank\\" class=\\"program-map-item__link\\">
                      <svg class=\\"icon icon-sl\\">
                        <use xlink:href=\\"img/sprite.svg?v2#icon-sl\\"></use>
                      </svg>
                      <span>#rs20-apr-16-pre-party</span></a>
                  </div>
                  <div class=\\"program-map-item__img\\">
                    <img src=\\"https://media.graphcms.com/cuTTsHaNQPufSnR7TR7M\\" alt=\\"&lt;p&gt;Official Pre-Party Meetup:&lt;/p&gt;
&lt;p&gt;Entrepreneurial Talks &amp;#x26; Pub Quiz&lt;/p&gt;
\\" />
                  </div>
                  <div class=\\"program-map-item__content\\">
                    <a href=\\"https://goo.gl/maps/SbpjUQdhissXxPDY9\\" target=\\"_blank\\">
                      <p>CREA, Nieuwe Achtergracht 170,</p>
                      <p>WV Amsterdam</p>
                    </a>
                    <br />
                    <p>The registration will be open soon</p>
                  </div>
                </div>
              </div>
              <div class=\\"program__inner\\" style=\\"margin-top: 30px;\\">
                <div class=\\"program__item\\">
                  <p>
                    <span class=\\"graphcms-container\\" data-id=\\"ck19f7tcuwa640b85navme0jp\\" data-content-type=\\"c04bfcdd2eed47b880588f5506ed4f5a\\" data-id-alt=\\"\\" data-content-type-alt=\\"\\"> Some of the listed above events require purchasing a ticket. Please, click the registration links and follow the instructions. Then follow conference newsletter and social channels for details. </span>
                  </p>
                </div>
              </div>
            </div>
            <div class=\\"program__inner\\" id=\\"party\\">
              <div class=\\"program__item program__item_mb-xl\\">
                <div class=\\"program__title title-gradient\\">REACT PARTY</div>
                <span class=\\"graphcms-container\\" data-id=\\"ck19f9lghwc040b54jinf0l4w\\" data-content-type=\\"c04bfcdd2eed47b880588f5506ed4f5a\\" data-id-alt=\\"\\" data-content-type-alt=\\"\\">
                  <p>After the main conference program is over we'll have the React Party. You can recharge and have dinner at food trucks area. The line-up of the evening is organized in collaboration with Amsterdam Dance Event crew and other cultural foundations.</p>
                  <p>We are not going to unveil much in advance but just a small bit – the party will run in two completely different tracks and you will definitely remember it as one of the most unique conference after-parties.</p>
                  <p>After-party starts at 18:00, the same location as the conference.</p>
                </span>
                <div class=\\"program__img\\" style=\\"background-image: url(img/program-img-1.jpg)\\">
                  <!--<img src=\\"img/program-img-1.jpg\\" alt=\\"\\"/>-->
                </div>
              </div>
              <div class=\\"program__item\\" id=\\"tour-day\\">
                <div class=\\"program__title title-gradient\\">TOUR DAY</div>
                <p>
                  <span class=\\"graphcms-container\\" data-id=\\"ck19fanzbwavb0b85lnzo5gno\\" data-content-type=\\"c04bfcdd2eed47b880588f5506ed4f5a\\" data-id-alt=\\"\\" data-content-type-alt=\\"\\"> Amsterdam is beautiful, picturesque, amazing. This is what we always hear from guests coming to the city. Explore this beauty on your own or together with new friends met at the conference. </span>
                </p>
                <div class=\\"program__img-wrap\\">
                  <div class=\\"program__img\\" style=\\"background-image: url(img/program-img-2.jpg)\\"></div>
                  <div class=\\"program__img\\" style=\\"background-image: url(img/program-img-3.jpg)\\"></div>
                </div>
                <span class=\\"graphcms-container\\" data-id=\\"ck19fdkkrwcsn0b5405fmrjvm\\" data-content-type=\\"c04bfcdd2eed47b880588f5506ed4f5a\\" data-id-alt=\\"\\" data-content-type-alt=\\"\\">
                  <p>We have prepared special walking and boat tours on Saturday for our conference guests and local community members. These are free for conference attendees, but feel free to take your +1's with you to explore the city on weekend after the conference. Registration is needed.</p>
                </span>
              </div>
            </div>
            <div class=\\"program-map\\">
              <div class=\\"program-map__icon\\">
                <img alt=\\"\\" src=\\"img/map.png\\" />
              </div>
              <div class=\\"program-map__content\\">
                <div class=\\"program-map-item graphcms-container\\" data-id=\\"ck30kbcl7hzhx0b665oi16tmy\\" data-content-type=\\"c20fac4698f94d148fcbb27989ef48e4\\" data-id-alt=\\"\\" data-content-type-alt=\\"\\">
                  <div class=\\"program-map-item__content\\">
                    <div class=\\"program-map-item__title\\">
                      <p>Walking Tours</p>
                      <span class=\\"program-map-item__time\\">
                        <p>April 18, 10:30 and 12:30</p>
                      </span>
                    </div>
                    <a href=\\"https://reactamsterdam.slack.com/app_redirect?channel=rs20-apr-18-tour-day\\" target=\\"_blank\\" class=\\"program-map-item__link\\">
                      <svg class=\\"icon icon-sl\\">
                        <use xlink:href=\\"img/sprite.svg?v2#icon-sl\\"></use>
                      </svg>
                      <span>#rs20-apr-18-tour-day</span></a>
                  </div>
                  <div class=\\"program-map-item__img\\">
                    <img src=\\"https://media.graphcms.com/kJN8bwuESsqF7SPwTzXR\\" alt=\\"&lt;p&gt;Walking Tours&lt;/p&gt;
\\" />
                  </div>
                  <div class=\\"program-map-item__content\\">
                    <a href=\\"https://guidedtoursamsterdam.com/classic-walking-tour-amsterdam/\\" target=\\"_blank\\">
                      <p>Route information</p>
                    </a>
                    <br />
                    <p>The registration will be open soon</p>
                  </div>
                </div>
                <div class=\\"program-map-item graphcms-container\\" data-id=\\"ck30kcyrchrth0b325mzkf7dn\\" data-content-type=\\"c20fac4698f94d148fcbb27989ef48e4\\" data-id-alt=\\"\\" data-content-type-alt=\\"\\">
                  <div class=\\"program-map-item__content\\">
                    <div class=\\"program-map-item__title\\">
                      <p>Boat Tours</p>
                      <span class=\\"program-map-item__time\\">
                        <p>April 18, 10:30 and 12:30</p>
                      </span>
                    </div>
                    <a href=\\"https://reactamsterdam.slack.com/app_redirect?channel=rs20-apr-18-tour-day\\" target=\\"_blank\\" class=\\"program-map-item__link\\">
                      <svg class=\\"icon icon-sl\\">
                        <use xlink:href=\\"img/sprite.svg?v2#icon-sl\\"></use>
                      </svg>
                      <span>#rs20-apr-18-tour-day</span></a>
                  </div>
                  <div class=\\"program-map-item__img\\">
                    <img src=\\"https://media.graphcms.com/bK2eLavESpq4AofXOduq\\" alt=\\"&lt;p&gt;Boat Tours&lt;/p&gt;
\\" />
                  </div>
                  <div class=\\"program-map-item__content\\">
                    <a href=\\"\\" target=\\"_blank\\">
                      <p>Route information TBD</p>
                    </a>
                    <br />
                    <p>The registration will be open soon</p>
                  </div>
                </div>
              </div>
              <div class=\\"program__inner\\" style=\\"margin-top: 30px;\\">
                <div class=\\"program__item\\">
                  <span class=\\"graphcms-container\\" data-id=\\"ck19fjjqbwe5w0b549ilgc4cz\\" data-content-type=\\"c04bfcdd2eed47b880588f5506ed4f5a\\" data-id-alt=\\"\\" data-content-type-alt=\\"\\">
                    <p>For alternative activities and gatherings, join our <a href=\\"https://reactsummit.com/slack\\">React Summit Slack</a> channel to connect with other visitors. Nobody knows when that Saturday ends.</p>
                    <p>If you would like to organize some community activity like a small bike tour, brunch or do a walking tour of your own – <a href=\\"mailto:hi@reactsummit.com\\">email us</a> with details and we'll list it here.</p>
                  </span>
                </div>
              </div>
            </div>
          </div>
        </section>
        <footer class=\\"footer section\\">
          <div class=\\"container\\">
            <div class=\\"footer__main\\">
              <h3 class=\\"footer__title section__title\\"> Follow us for updates </h3>
              <div class=\\"footer__socials graphcms-container\\" data-id=\\"ck0zi93n8phx10b853erl9psf\\" data-content-type=\\"2d89f139f3d042ab98d212062527eb82\\" data-id-alt=\\"\\" data-content-type-alt=\\"\\">
                <ul class=\\"social social--theme\\">
                  <li class=\\"social__item\\"><a href=\\"https://twitter.com/reactamsterdam\\" class=\\"social__link\\" target=\\"_blank\\">
                      <svg class=\\"icon icon-tw\\">
                        <use xlink:href=\\"img/sprite.svg?v2#icon-tw\\"></use>
                      </svg>
                    </a></li>
                  <li class=\\"social__item\\"><a href=\\"https://www.facebook.com/reactamsterdam\\" class=\\"social__link\\" target=\\"_blank\\">
                      <svg class=\\"icon icon-fb\\">
                        <use xlink:href=\\"img/sprite.svg?v2#icon-fb\\"></use>
                      </svg>
                    </a></li>
                  <li class=\\"social__item\\"><a href=\\"https://youtube.com/c/ReactConferences\\" class=\\"social__link\\" target=\\"_blank\\">
                      <svg class=\\"icon icon-yb\\">
                        <use xlink:href=\\"img/sprite.svg?v2#icon-yb\\"></use>
                      </svg>
                    </a></li>
                  <li class=\\"social__item\\"><a href=\\"https://medium.com/@ReactAmsterdam\\" class=\\"social__link\\" target=\\"_blank\\">
                      <svg class=\\"icon icon-md\\">
                        <use xlink:href=\\"img/sprite.svg?v2#icon-md\\"></use>
                      </svg>
                    </a></li>
                  <li class=\\"social__item\\"><a href=\\"https://reactsummit.com/slack\\" class=\\"social__link\\" target=\\"_blank\\">
                      <svg class=\\"icon icon-sl\\">
                        <use xlink:href=\\"img/sprite.svg?v2#icon-sl\\"></use>
                      </svg>
                    </a></li>
                </ul>
              </div>
              <div class=\\"footer__nav graphcms-container\\" data-id=\\"ck182d8pqqnd70b85v60cgwkb\\" data-content-type=\\"371641c28b044b00bf532b2dd6e1516d\\" data-id-alt=\\"\\" data-content-type-alt=\\"\\">
                <ul class=\\"f-nav\\">
                  <li class=\\"f-nav__item\\"><a href=\\"/\\" class=\\"f-nav__link\\">Back to conference website</a></li>
                  <li class=\\"f-nav__item\\"><a href=\\"/sponsors\\" class=\\"f-nav__link\\">Sponsorship Opportunities</a></li>
                  <li class=\\"f-nav__item\\"><a href=\\"/coc\\" class=\\"f-nav__link\\">Code Of Conduct</a></li>
                  <li class=\\"f-nav__item\\"><a href=\\"mailto:hi@reactsummit.com\\" class=\\"f-nav__link\\">Email Us!</a></li>
                </ul>
              </div>
            </div>
          </div>
          <div class=\\"footer__basement\\" style=\\"background-image: url(img/f-bg.png)\\">
            <div class=\\"footer__logo\\">
              <div class=\\"f-logo\\">
                <span class=\\"f-logo__label\\">Event by</span>
                <span class=\\"f-logo__icon\\">
                  <img src=\\"img/Smile.svg\\" alt=\\"Frontend nation\\">
                </span>
                <a href=\\"https://gitnation.org\\" class=\\"f-logo__author\\">GitNation</a>
              </div>
            </div>
          </div>
        </footer>
      </div>
    </div>
    <!-- END content -->
    <!-- BEGIN scripts -->
    <script type=\\"text/javascript\\" src=\\"js/app.js\\"></script>
    <!-- END scripts -->
    <div style=\\"display: none;\\">
      <!--LiveInternet counter-->
      <script type=\\"text/javascript\\">
        document.write('<a href=\\"//www.liveinternet.ru/click\\" ' + 'target=\\"_blank\\"><img src=\\"//counter.yadro.ru/hit?t42.6;r' + escape(document.referrer) + ((typeof(screen) == 'undefined') ? '' : ';s' + screen.width + '*' + screen.height + '*' + (screen.colorDepth ? screen.colorDepth : screen.pixelDepth)) + ';u' + escape(document.URL) + ';h' + escape(document.title.substring(0, 150)) + ';' + Math.random() + '\\" alt=\\"\\" title=\\"LiveInternet\\" ' + 'border=\\"0\\" width=\\"31\\" height=\\"31\\"><\\\\/a>')

      </script>
      <!--/LiveInternet-->
    </div>
    <script type=\\"text/javascript\\">
      var _gauges = _gauges || [];
      (function()
      {
        var t = document.createElement('script');
        t.type = 'text/javascript';
        t.async = true;
        t.id = 'gauges-tracker';
        t.setAttribute('data-site-id', '582e1813bb922a0c00011365');
        t.setAttribute('data-track-path', 'https://track.gaug.es/track.gif');
        t.src = 'https://d36ee2fcip1434.cloudfront.net/track.js';
        var s = document.getElementsByTagName('script')[0];
        s.parentNode.insertBefore(t, s);
      })();

    </script>
    <!-- Facebook Pixel Code -->
    <script>
      ! function(f, b, e, v, n, t, s)
      {
        if (f.fbq) return;
        n = f.fbq = function()
        {
          n.callMethod ? n.callMethod.apply(n, arguments) : n.queue.push(arguments)
        };
        if (!f._fbq) f._fbq = n;
        n.push = n;
        n.loaded = !0;
        n.version = '2.0';
        n.queue = [];
        t = b.createElement(e);
        t.async = !0;
        t.src = v;
        s = b.getElementsByTagName(e)[0];
        s.parentNode.insertBefore(t, s)
      }(window, document, 'script', 'https://connect.facebook.net/en_US/fbevents.js');
      fbq('init', '1374905195888955');
      fbq('track', 'PageView');

    </script>
    <noscript><img height=\\"1\\" width=\\"1\\" style=\\"display:none\\" src=\\"https://www.facebook.com/tr?id=1374905195888955&ev=PageView&noscript=1\\" /></noscript>
    <!-- End Facebook Pixel Code -->
  </body>
</html>
"
`;
