// Jest Snapshot v1, https://goo.gl/fbAQLP

exports[`/home/usul/FocusReactive/GitNation/React.Amsterdam/build/faq.html 1`] = `
"<!doctype html>
<html lang=\\"en\\">
  <head>
    <meta charset=\\"utf-8\\">
    <title>FAQ</title>
    <meta name=\\"viewport\\" content=\\"width=device-width, initial-scale=1.0\\" />
    <meta name=\\"keywords\\" content=\\"ReactJS, React, React Native, Reason, GraphQL framework,, JavaScript, development, Facebook, workshops, conference\\">
    <meta name=\\"description\\" content=\\"React Summit Amsterdam is a full day two-track conference of all things React, gathering Front-end developers across the globe in the tech heart of Europe.\\">
    <meta property=\\"og:url\\" content=\\"https://reactsummit.com\\" />
    <meta property=\\"og:title\\" content=\\"React Summit Amsterdam - The Biggest React Conference Worldwide\\" />
    <meta property=\\"og:description\\" content=\\"React Summit Amsterdam is a full day two-track conference of all things React, gathering Front-end developers across the globe in the tech heart of Europe.\\" />
    <meta property=\\"og:image\\" content=\\"https://reactsummit.com/img/og2020.png\\" />
    <meta name=\\"twitter:card\\" content=\\"summary_large_image\\">
    <meta name=\\"twitter:site\\" content=\\"@reactamsterdam\\">
    <meta http-equiv=\\"X-UA-Compatible\\" content=\\"IE=edge\\">
    <link rel=\\"stylesheet\\" media=\\"all\\" href=\\"css/app.css\\">
    <link rel=\\"stylesheet\\" href=\\"https://fonts.googleapis.com/css?family=Lato:300,400,500,700,900\\">
    <link rel=\\"shortcut icon\\" href=\\"img/favicon.png\\" />
  </head>
  <body>
    <!-- BEGIN content -->
    <div class=\\"out\\">
      <header class=\\"header \\">
        <div class=\\"header__inner js-menu\\">
          <div class=\\"header__socials graphcms-container\\" data-id=\\"ck0zi93n8phx10b853erl9psf\\" data-content-type=\\"2d89f139f3d042ab98d212062527eb82\\" data-id-alt=\\"\\" data-content-type-alt=\\"\\">
            <ul class=\\"social\\">
              <li class=\\"social__item\\"><a href=\\"https://twitter.com/reactamsterdam\\" class=\\"social__link\\" target=\\"_blank\\">
                  <svg class=\\"icon icon-tw\\">
                    <use xlink:href=\\"img/sprite.svg?v2#icon-tw\\"></use>
                  </svg>
                </a></li>
              <li class=\\"social__item\\"><a href=\\"https://www.facebook.com/reactamsterdam\\" class=\\"social__link\\" target=\\"_blank\\">
                  <svg class=\\"icon icon-fb\\">
                    <use xlink:href=\\"img/sprite.svg?v2#icon-fb\\"></use>
                  </svg>
                </a></li>
              <li class=\\"social__item\\"><a href=\\"https://youtube.com/c/ReactConferences\\" class=\\"social__link\\" target=\\"_blank\\">
                  <svg class=\\"icon icon-yb\\">
                    <use xlink:href=\\"img/sprite.svg?v2#icon-yb\\"></use>
                  </svg>
                </a></li>
              <li class=\\"social__item\\"><a href=\\"https://reactsummit.com/slack\\" class=\\"social__link\\" target=\\"_blank\\">
                  <svg class=\\"icon icon-sl\\">
                    <use xlink:href=\\"img/sprite.svg?v2#icon-sl\\"></use>
                  </svg>
                </a></li>
              <li class=\\"social__item\\"><a href=\\"https://medium.com/@ReactAmsterdam\\" class=\\"social__link\\" target=\\"_blank\\">
                  <svg class=\\"icon icon-md\\">
                    <use xlink:href=\\"img/sprite.svg?v2#icon-md\\"></use>
                  </svg>
                </a></li>
            </ul>
          </div>
          <div class=\\"header__nav graphcms-container\\" data-id=\\"ck3okkfzitf3q0b662wyy68k9\\" data-content-type=\\"371641c28b044b00bf532b2dd6e1516d\\" data-id-alt=\\"\\" data-content-type-alt=\\"\\">
            <ul class=\\"nav\\">
              <li class=\\"nav__item\\"><a href=\\"/\\" class=\\"nav__link \\">Conference page</a></li>
            </ul>
          </div>
          <div class=\\"header__btn\\">
            <a class=\\"btn btn--gradient\\" href=\\"https://www.eventbrite.com/e/react-summit-amsterdam-2020-tickets-68861704211#tickets\\">Tickets</a>
          </div>
        </div>
        <div class=\\"header__burger\\">
          <div class=\\"burger js-burger\\">
            <span></span>
            <span></span>
            <span></span>
          </div>
        </div>
      </header>
      <div class=\\"main js-main\\">
        <div class=\\"hero\\" style=\\"background-image:url(img/jobs-bg.jpg);\\">
          <div class=\\"hero__inner graphcms-container\\" data-id=\\"ck3okkfzitf3q0b662wyy68k9\\" data-content-type=\\"371641c28b044b00bf532b2dd6e1516d\\" data-id-alt=\\"\\" data-content-type-alt=\\"\\">
            <div class=\\"hero__logo\\">
              <a href=\\"/\\" class=\\"logo\\"><img src=\\"img/logo-summit.svg\\" alt=\\"React Summit Amsterdam\\"></a>
            </div>
            <div class=\\"hero__suptitle\\">React Summit</div>
            <h1 class=\\"hero__title\\">FAQ</h1>
          </div>
        </div>
        <div class=\\"section faq\\">
          <div class=\\"container\\">
            <div class=\\"faq__description\\">
              <p>Our team is always striving to provide the best support to help you with any questions related to conference attendance and to make information more transparent and instantly accessible, we've started gathering most frequently asked questions on the page below.</p>
              <p>If you can't find an answer to your question below - contact us via <a href=\\"hi@reactsummit.com\\">hi@reactsummit.com</a>.</p>
            </div>
            <div class=\\"faq__content\\">
              <h3 class=\\"faq__section-title\\">Tickets, invoices, refunds</h3>
              <ul class=\\"faq__list\\">
                <li class=\\"faq__item graphcms-container\\" data-id=\\"ck2p2nneeb2g10b73makporca\\" data-content-type=\\"4f4e1bf4ce884d6e99735af934488515\\" data-id-alt=\\"\\" data-content-type-alt=\\"\\">
                  <svg class=\\"faq__arrow\\">
                    <svg class=\\"icon icon-arrow-r2\\">
                      <use xlink:href=\\"img/sprite.svg?v2#icon-arrow-r2\\"></use>
                    </svg>
                  </svg>
                  <div class=\\"faq__question\\">
                    <p>Can you issue an invoice for my order?</p>
                  </div>
                  <div class=\\"faq__ansver\\">
                    <p>Yes, it is possible to pay via invoice. Please, send your company details to <a href=\\"mailto:hi@reactsummit.com\\">hi@reactsummit.com</a> and we will issue it for you:</p>
                    <ul>
                      <li>company name</li>
                      <li>company address</li>
                      <li>VAT number</li>
                    </ul>
                    <p>As soon as we receive the payment, we'll send you a promo-code to activate the tickets.</p>
                  </div>
                </li>
                <li class=\\"faq__item graphcms-container\\" data-id=\\"ck2p2ond6944k0b66okeh44x4\\" data-content-type=\\"4f4e1bf4ce884d6e99735af934488515\\" data-id-alt=\\"\\" data-content-type-alt=\\"\\">
                  <svg class=\\"faq__arrow\\">
                    <svg class=\\"icon icon-arrow-r2\\">
                      <use xlink:href=\\"img/sprite.svg?v2#icon-arrow-r2\\"></use>
                    </svg>
                  </svg>
                  <div class=\\"faq__question\\">
                    <p>Does my ticket to the conference include workshops also?</p>
                  </div>
                  <div class=\\"faq__ansver\\">
                    <p>If your ticket states “Early Bird ticket”/”Regular ticket”/”Late Bird ticket”, it only includes a conference day pass. If your ticket states “Combo: Workshop + Conference Day”, it includes both conference day pass and a workshop.</p>
                  </div>
                </li>
                <li class=\\"faq__item graphcms-container\\" data-id=\\"ck2qaplkyfgsy0b66pkntlkcn\\" data-content-type=\\"4f4e1bf4ce884d6e99735af934488515\\" data-id-alt=\\"\\" data-content-type-alt=\\"\\">
                  <svg class=\\"faq__arrow\\">
                    <svg class=\\"icon icon-arrow-r2\\">
                      <use xlink:href=\\"img/sprite.svg?v2#icon-arrow-r2\\"></use>
                    </svg>
                  </svg>
                  <div class=\\"faq__question\\">
                    <p>I bought a ticket to workshop, but have another date in my ticket. What is the correct date?</p>
                  </div>
                  <div class=\\"faq__ansver\\">
                    <p>Please, be attentive with the dates!</p>
                    <p>The correct date is indicated in the name of the ticket – example: “Advanced React Workshop (April 15)”. </p>
                    <p>The ticket will also state the main date of the conference – April 17, although you might not have bought a ticket to the conference itself – this is how Eventbrite works, and we cannot change it, unfortunately. Pay attention to what the name of the workshop says. </p>
                    <p>If you have doubts – consult the website or email us <a href=\\"hi@reactsummit.com\\">hi@reactsummit.com</a>.</p>
                  </div>
                </li>
                <li class=\\"faq__item graphcms-container\\" data-id=\\"ck2qaqxeified0b20kevodfpy\\" data-content-type=\\"4f4e1bf4ce884d6e99735af934488515\\" data-id-alt=\\"\\" data-content-type-alt=\\"\\">
                  <svg class=\\"faq__arrow\\">
                    <svg class=\\"icon icon-arrow-r2\\">
                      <use xlink:href=\\"img/sprite.svg?v2#icon-arrow-r2\\"></use>
                    </svg>
                  </svg>
                  <div class=\\"faq__question\\">
                    <p>How can I change the name in my ticket?</p>
                  </div>
                  <div class=\\"faq__ansver\\">
                    <p>You can easily change the name in the ticket in your Eventbrite account. Just log in and edit the attendee information. Pay attention that only the ticket buyer can re-assign tickets.</p>
                  </div>
                </li>
                <li class=\\"faq__item graphcms-container\\" data-id=\\"ck2qarw7gfinx0b20c17xfxfn\\" data-content-type=\\"4f4e1bf4ce884d6e99735af934488515\\" data-id-alt=\\"\\" data-content-type-alt=\\"\\">
                  <svg class=\\"faq__arrow\\">
                    <svg class=\\"icon icon-arrow-r2\\">
                      <use xlink:href=\\"img/sprite.svg?v2#icon-arrow-r2\\"></use>
                    </svg>
                  </svg>
                  <div class=\\"faq__question\\">
                    <p>If I can’t visit the conference, can I give the ticket to my friend/colleague?</p>
                  </div>
                  <div class=\\"faq__ansver\\">
                    <p>Yes, you can. Simply log in to your Eventbrite account and re-assign the ticket to this person. Pay attention that only a ticket buyer can re-assign tickets.</p>
                  </div>
                </li>
                <li class=\\"faq__item graphcms-container\\" data-id=\\"ck2qasw4ofivj0b20780oliot\\" data-content-type=\\"4f4e1bf4ce884d6e99735af934488515\\" data-id-alt=\\"\\" data-content-type-alt=\\"\\">
                  <svg class=\\"faq__arrow\\">
                    <svg class=\\"icon icon-arrow-r2\\">
                      <use xlink:href=\\"img/sprite.svg?v2#icon-arrow-r2\\"></use>
                    </svg>
                  </svg>
                  <div class=\\"faq__question\\">
                    <p>How can I add VAT to the Eventbrite invoice? </p>
                  </div>
                  <div class=\\"faq__ansver\\">
                    <p>Go to your Eventbrite account, click “edit”, add the VAT number in the corresponding box, resend the confirmation email. </p>
                  </div>
                </li>
                <li class=\\"faq__item graphcms-container\\" data-id=\\"ck2qatmk0ficm0b32h4xrnc89\\" data-content-type=\\"4f4e1bf4ce884d6e99735af934488515\\" data-id-alt=\\"\\" data-content-type-alt=\\"\\">
                  <svg class=\\"faq__arrow\\">
                    <svg class=\\"icon icon-arrow-r2\\">
                      <use xlink:href=\\"img/sprite.svg?v2#icon-arrow-r2\\"></use>
                    </svg>
                  </svg>
                  <div class=\\"faq__question\\">
                    <p>Do you provide refunds if my visa is not approved?</p>
                  </div>
                  <div class=\\"faq__ansver\\">
                    <p>Yes, we can make a refund if your visa for travel was not approved. Please send us the declining letter from the embassy or any other confirming documents.</p>
                  </div>
                </li>
                <li class=\\"faq__item graphcms-container\\" data-id=\\"ck2qauhaqfiin0b32mwjr4730\\" data-content-type=\\"4f4e1bf4ce884d6e99735af934488515\\" data-id-alt=\\"\\" data-content-type-alt=\\"\\">
                  <svg class=\\"faq__arrow\\">
                    <svg class=\\"icon icon-arrow-r2\\">
                      <use xlink:href=\\"img/sprite.svg?v2#icon-arrow-r2\\"></use>
                    </svg>
                  </svg>
                  <div class=\\"faq__question\\">
                    <p>Do you provide refunds if decided not to travel?</p>
                  </div>
                  <div class=\\"faq__ansver\\">
                    <p>No, we do not provide refunds in this case due to our policies. The reason of such non-refund policy is that we calculate and pre-pay for event facilities and catering in advance.</p>
                  </div>
                </li>
              </ul>
              <h3 class=\\"faq__section-title\\">Discounts, diversity scholarship, etc.</h3>
              <ul class=\\"faq__list\\">
                <li class=\\"faq__item graphcms-container\\" data-id=\\"ck2qavexffiqm0b32u17dmr5y\\" data-content-type=\\"4f4e1bf4ce884d6e99735af934488515\\" data-id-alt=\\"\\" data-content-type-alt=\\"\\">
                  <svg class=\\"faq__arrow\\">
                    <svg class=\\"icon icon-arrow-r2\\">
                      <use xlink:href=\\"img/sprite.svg?v2#icon-arrow-r2\\"></use>
                    </svg>
                  </svg>
                  <div class=\\"faq__question\\">
                    <p>Do you have any discount for students?</p>
                  </div>
                  <div class=\\"faq__ansver\\">
                    <p>Yes, we can provide a student discount. Student ticket price is 150 EUR (excluding VAT). Pease, send us a scan or a photo of your relevant students ID and we’ll issue a promocode for you.</p>
                  </div>
                </li>
                <li class=\\"faq__item graphcms-container\\" data-id=\\"ck2qaw7q8fivq0b32qeizc794\\" data-content-type=\\"4f4e1bf4ce884d6e99735af934488515\\" data-id-alt=\\"\\" data-content-type-alt=\\"\\">
                  <svg class=\\"faq__arrow\\">
                    <svg class=\\"icon icon-arrow-r2\\">
                      <use xlink:href=\\"img/sprite.svg?v2#icon-arrow-r2\\"></use>
                    </svg>
                  </svg>
                  <div class=\\"faq__question\\">
                    <p>Do you provide any group discounts?</p>
                  </div>
                  <div class=\\"faq__ansver\\">
                    <p>Yes, to get a group discount please choose “Team Ticket” on Eventbrite. And some extra discounts are possible when buying more than 10 tickets.</p>
                  </div>
                </li>
                <li class=\\"faq__item graphcms-container\\" data-id=\\"ck2qaxmoxiv7g0b73fvnug38j\\" data-content-type=\\"4f4e1bf4ce884d6e99735af934488515\\" data-id-alt=\\"\\" data-content-type-alt=\\"\\">
                  <svg class=\\"faq__arrow\\">
                    <svg class=\\"icon icon-arrow-r2\\">
                      <use xlink:href=\\"img/sprite.svg?v2#icon-arrow-r2\\"></use>
                    </svg>
                  </svg>
                  <div class=\\"faq__question\\">
                    <p>Do you provide any special tickets or discount for diversity groups?</p>
                  </div>
                  <div class=\\"faq__ansver\\">
                    <p>Yes, we do run a diversity scholarship program. Free diversity tickets are distributed via community channels and also via the application form. Follow our <a href=\\"https://medium.com/@ReactAmsterdam\\">medium blog</a> for details.</p>
                  </div>
                </li>
                <li class=\\"faq__item graphcms-container\\" data-id=\\"ck2qayg6hfl370b66ci8uhpdg\\" data-content-type=\\"4f4e1bf4ce884d6e99735af934488515\\" data-id-alt=\\"\\" data-content-type-alt=\\"\\">
                  <svg class=\\"faq__arrow\\">
                    <svg class=\\"icon icon-arrow-r2\\">
                      <use xlink:href=\\"img/sprite.svg?v2#icon-arrow-r2\\"></use>
                    </svg>
                  </svg>
                  <div class=\\"faq__question\\">
                    <p>I was selected for a Diversity scholarship, what does it include?</p>
                  </div>
                  <div class=\\"faq__ansver\\">
                    <p>It includes the conference day (not workshops), food at the conference and afterparty. </p>
                  </div>
                </li>
                <li class=\\"faq__item graphcms-container\\" data-id=\\"ck2qazgi3flbz0b66aah4bvht\\" data-content-type=\\"4f4e1bf4ce884d6e99735af934488515\\" data-id-alt=\\"\\" data-content-type-alt=\\"\\">
                  <svg class=\\"faq__arrow\\">
                    <svg class=\\"icon icon-arrow-r2\\">
                      <use xlink:href=\\"img/sprite.svg?v2#icon-arrow-r2\\"></use>
                    </svg>
                  </svg>
                  <div class=\\"faq__question\\">
                    <p>How can I apply for React Open Source Awards?</p>
                  </div>
                  <div class=\\"faq__ansver\\">
                    <p>We will publish a React Open Source projects application form, where you can submit your project. Make sure you follow us on social media and subscribe to our newsletter. </p>
                  </div>
                </li>
              </ul>
              <h3 class=\\"faq__section-title\\">Visa</h3>
              <ul class=\\"faq__list\\">
                <li class=\\"faq__item graphcms-container\\" data-id=\\"ck2qb0lnhfjsi0b32oaiaszcn\\" data-content-type=\\"4f4e1bf4ce884d6e99735af934488515\\" data-id-alt=\\"\\" data-content-type-alt=\\"\\">
                  <svg class=\\"faq__arrow\\">
                    <svg class=\\"icon icon-arrow-r2\\">
                      <use xlink:href=\\"img/sprite.svg?v2#icon-arrow-r2\\"></use>
                    </svg>
                  </svg>
                  <div class=\\"faq__question\\">
                    <p>Can you issue an invitation letter to apply for a visa?</p>
                  </div>
                  <div class=\\"faq__ansver\\">
                    <p>Yes, we can issue an invitation letter to make the process of getting visa easier. Please, send to <a href=\\"mailto:hi@reactsummit.com\\">hi@reactsummit.com</a> the following details according to your travel document, as well as your ticket to the conference:</p>
                    <ul>
                      <li>First name:</li>
                      <li>Last name:</li>
                      <li>Date of birth:</li>
                      <li>Nationality:</li>
                      <li>Passport number:</li>
                      <li>Date of issue:</li>
                      <li>Expiration date:</li>
                    </ul>
                  </div>
                </li>
              </ul>
              <h3 class=\\"faq__section-title\\">Organisational questions</h3>
              <ul class=\\"faq__list\\">
                <li class=\\"faq__item graphcms-container\\" data-id=\\"ck2qb1qxpfkob0b20mv4zu5en\\" data-content-type=\\"4f4e1bf4ce884d6e99735af934488515\\" data-id-alt=\\"\\" data-content-type-alt=\\"\\">
                  <svg class=\\"faq__arrow\\">
                    <svg class=\\"icon icon-arrow-r2\\">
                      <use xlink:href=\\"img/sprite.svg?v2#icon-arrow-r2\\"></use>
                    </svg>
                  </svg>
                  <div class=\\"faq__question\\">
                    <p>Where can I find all logistics and organisational information?</p>
                  </div>
                  <div class=\\"faq__ansver\\">
                    <p>You will get an email with all the information you’ll need at the conference about a week before the event. We will also add a link to a page with all organisational details to the website.</p>
                  </div>
                </li>
                <li class=\\"faq__item graphcms-container\\" data-id=\\"ck2qb3do1fkzj0b20m66ycs9q\\" data-content-type=\\"4f4e1bf4ce884d6e99735af934488515\\" data-id-alt=\\"\\" data-content-type-alt=\\"\\">
                  <svg class=\\"faq__arrow\\">
                    <svg class=\\"icon icon-arrow-r2\\">
                      <use xlink:href=\\"img/sprite.svg?v2#icon-arrow-r2\\"></use>
                    </svg>
                  </svg>
                  <div class=\\"faq__question\\">
                    <p>What is the best way to go to the Kromhouthal? </p>
                  </div>
                  <div class=\\"faq__ansver\\">
                    <p>We organise a boat transfer from the Central Station to the conference venue. Please, see the schedule on the website closer to the conference date. </p>
                    <p>Please, note that the boat might leave a bit earlier if it fills up with passengers before the time of departure. You can either wait for the next one (about 10 minutes) or take a public ferry to the other side of the river and walk 5 minutes to the Kromhouthal. </p>
                  </div>
                </li>
                <li class=\\"faq__item graphcms-container\\" data-id=\\"ck2qb464qfl580b2021nrk37s\\" data-content-type=\\"4f4e1bf4ce884d6e99735af934488515\\" data-id-alt=\\"\\" data-content-type-alt=\\"\\">
                  <svg class=\\"faq__arrow\\">
                    <svg class=\\"icon icon-arrow-r2\\">
                      <use xlink:href=\\"img/sprite.svg?v2#icon-arrow-r2\\"></use>
                    </svg>
                  </svg>
                  <div class=\\"faq__question\\">
                    <p>Is there parking area near the venue?</p>
                  </div>
                  <div class=\\"faq__ansver\\">
                    <p>The Kromhouthal has parking area right in front of the door. In addition, there’s ample public parking in the vicinity. There is paid parking in the area. </p>
                  </div>
                </li>
                <li class=\\"faq__item graphcms-container\\" data-id=\\"ck2qb4te9fklw0b3288r87qj7\\" data-content-type=\\"4f4e1bf4ce884d6e99735af934488515\\" data-id-alt=\\"\\" data-content-type-alt=\\"\\">
                  <svg class=\\"faq__arrow\\">
                    <svg class=\\"icon icon-arrow-r2\\">
                      <use xlink:href=\\"img/sprite.svg?v2#icon-arrow-r2\\"></use>
                    </svg>
                  </svg>
                  <div class=\\"faq__question\\">
                    <p>Do you have a kids corner at the event?</p>
                  </div>
                  <div class=\\"faq__ansver\\">
                    <p>Unfortunately, we won't have facilities for kids this time.</p>
                  </div>
                </li>
                <li class=\\"faq__item graphcms-container\\" data-id=\\"ck2qb5nsfix4k0b73omegif8g\\" data-content-type=\\"4f4e1bf4ce884d6e99735af934488515\\" data-id-alt=\\"\\" data-content-type-alt=\\"\\">
                  <svg class=\\"faq__arrow\\">
                    <svg class=\\"icon icon-arrow-r2\\">
                      <use xlink:href=\\"img/sprite.svg?v2#icon-arrow-r2\\"></use>
                    </svg>
                  </svg>
                  <div class=\\"faq__question\\">
                    <p>Is there a place to store my luggage during the event?</p>
                  </div>
                  <div class=\\"faq__ansver\\">
                    <p>There always is a wardrobe/cloakroom, but neither we nor the venue can be held accountable for attendee’s belongings. For big pieces of luggage, we suggest to leave them in a hotel luggage room or special luggage lockers.</p>
                  </div>
                </li>
              </ul>
              <h3 class=\\"faq__section-title\\">Food for conference attendees</h3>
              <ul class=\\"faq__list\\">
                <li class=\\"faq__item graphcms-container\\" data-id=\\"ck2qb6gakflml0b209fatcpgh\\" data-content-type=\\"4f4e1bf4ce884d6e99735af934488515\\" data-id-alt=\\"\\" data-content-type-alt=\\"\\">
                  <svg class=\\"faq__arrow\\">
                    <svg class=\\"icon icon-arrow-r2\\">
                      <use xlink:href=\\"img/sprite.svg?v2#icon-arrow-r2\\"></use>
                    </svg>
                  </svg>
                  <div class=\\"faq__question\\">
                    <p>Do you serve any food at the events?</p>
                  </div>
                  <div class=\\"faq__ansver\\">
                    <p>Yes, we serve hot lunch and coffee/pastries/snacks both at the conference and the workshops.</p>
                  </div>
                </li>
                <li class=\\"faq__item graphcms-container\\" data-id=\\"ck2qb77ueflv10b2032h4zqlm\\" data-content-type=\\"4f4e1bf4ce884d6e99735af934488515\\" data-id-alt=\\"\\" data-content-type-alt=\\"\\">
                  <svg class=\\"faq__arrow\\">
                    <svg class=\\"icon icon-arrow-r2\\">
                      <use xlink:href=\\"img/sprite.svg?v2#icon-arrow-r2\\"></use>
                    </svg>
                  </svg>
                  <div class=\\"faq__question\\">
                    <p>Do you have vegetarian/vegan/gluten free options at the event and workshops?</p>
                  </div>
                  <div class=\\"faq__ansver\\">
                    <p>Yes, we have vegetarian, vegan and gluten-free food for lunch at the conference. As for workshops – please let us know in advance if you have any special meal preferences.</p>
                  </div>
                </li>
              </ul>
              <h3 class=\\"faq__section-title\\">Other questions</h3>
              <ul class=\\"faq__list\\">
                <li class=\\"faq__item graphcms-container\\" data-id=\\"ck2qb83xmfm340b200nwkwzo9\\" data-content-type=\\"4f4e1bf4ce884d6e99735af934488515\\" data-id-alt=\\"\\" data-content-type-alt=\\"\\">
                  <svg class=\\"faq__arrow\\">
                    <svg class=\\"icon icon-arrow-r2\\">
                      <use xlink:href=\\"img/sprite.svg?v2#icon-arrow-r2\\"></use>
                    </svg>
                  </svg>
                  <div class=\\"faq__question\\">
                    <p>Can I join the conference as a volunteer?</p>
                  </div>
                  <div class=\\"faq__ansver\\">
                    <p>Yes, you can. Please, send us brief information about yourself: your experience in volunteering (optional) at conferences or any event organizing. Also please be sure that you’re going to be available on the day of the event and the day before it.</p>
                  </div>
                </li>
                <li class=\\"faq__item graphcms-container\\" data-id=\\"ck2qb93zlfni50b669752ijz6\\" data-content-type=\\"4f4e1bf4ce884d6e99735af934488515\\" data-id-alt=\\"\\" data-content-type-alt=\\"\\">
                  <svg class=\\"faq__arrow\\">
                    <svg class=\\"icon icon-arrow-r2\\">
                      <use xlink:href=\\"img/sprite.svg?v2#icon-arrow-r2\\"></use>
                    </svg>
                  </svg>
                  <div class=\\"faq__question\\">
                    <p>We are a community/also a tech conference. Could we collaborate with your conference?</p>
                  </div>
                  <div class=\\"faq__ansver\\">
                    <p>Yes, of course! We’d be happy if you become our info-partner. Please, drop us a line at <a href=\\"mailto:hi@reactsummit.com\\">hi@reactsummit.com</a> and we’ll get back to you with all the information.</p>
                  </div>
                </li>
                <li class=\\"faq__item graphcms-container\\" data-id=\\"ck2qb9qyrflpc0b32fbvgiy0m\\" data-content-type=\\"4f4e1bf4ce884d6e99735af934488515\\" data-id-alt=\\"\\" data-content-type-alt=\\"\\">
                  <svg class=\\"faq__arrow\\">
                    <svg class=\\"icon icon-arrow-r2\\">
                      <use xlink:href=\\"img/sprite.svg?v2#icon-arrow-r2\\"></use>
                    </svg>
                  </svg>
                  <div class=\\"faq__question\\">
                    <p>What do I need to bring with me to the workshop?</p>
                  </div>
                  <div class=\\"faq__ansver\\">
                    <p>Laptop and charger. </p>
                  </div>
                </li>
              </ul>
            </div>
          </div>
        </div>
        <footer class=\\"footer section\\">
          <div class=\\"container\\">
            <div class=\\"footer__main\\">
              <h3 class=\\"footer__title section__title\\">
                <span class=\\"graphcms-container\\" data-id=\\"ck1940qcxui7p0b854wsncbjv\\" data-content-type=\\"c04bfcdd2eed47b880588f5506ed4f5a\\" data-id-alt=\\"\\" data-content-type-alt=\\"\\"> Contact Us </span>
              </h3>
              <div class=\\"footer__socials graphcms-container\\" data-id=\\"ck0zi93n8phx10b853erl9psf\\" data-content-type=\\"2d89f139f3d042ab98d212062527eb82\\" data-id-alt=\\"\\" data-content-type-alt=\\"\\">
                <ul class=\\"social social--theme\\">
                  <li class=\\"social__item\\"><a href=\\"https://twitter.com/reactamsterdam\\" class=\\"social__link\\" target=\\"_blank\\">
                      <svg class=\\"icon icon-tw\\">
                        <use xlink:href=\\"img/sprite.svg?v2#icon-tw\\"></use>
                      </svg>
                    </a></li>
                  <li class=\\"social__item\\"><a href=\\"https://www.facebook.com/reactamsterdam\\" class=\\"social__link\\" target=\\"_blank\\">
                      <svg class=\\"icon icon-fb\\">
                        <use xlink:href=\\"img/sprite.svg?v2#icon-fb\\"></use>
                      </svg>
                    </a></li>
                  <li class=\\"social__item\\"><a href=\\"https://youtube.com/c/ReactConferences\\" class=\\"social__link\\" target=\\"_blank\\">
                      <svg class=\\"icon icon-yb\\">
                        <use xlink:href=\\"img/sprite.svg?v2#icon-yb\\"></use>
                      </svg>
                    </a></li>
                  <li class=\\"social__item\\"><a href=\\"https://medium.com/@ReactAmsterdam\\" class=\\"social__link\\" target=\\"_blank\\">
                      <svg class=\\"icon icon-md\\">
                        <use xlink:href=\\"img/sprite.svg?v2#icon-md\\"></use>
                      </svg>
                    </a></li>
                  <li class=\\"social__item\\"><a href=\\"https://reactsummit.com/slack\\" class=\\"social__link\\" target=\\"_blank\\">
                      <svg class=\\"icon icon-sl\\">
                        <use xlink:href=\\"img/sprite.svg?v2#icon-sl\\"></use>
                      </svg>
                    </a></li>
                </ul>
              </div>
              <div class=\\"footer__nav graphcms-container\\" data-id=\\"ck3okkfzitf3q0b662wyy68k9\\" data-content-type=\\"371641c28b044b00bf532b2dd6e1516d\\" data-id-alt=\\"\\" data-content-type-alt=\\"\\">
                <ul class=\\"f-nav\\">
                  <li class=\\"f-nav__item\\"><a href=\\"/\\" class=\\"f-nav__link\\">Back to conference website</a></li>
                  <li class=\\"f-nav__item\\"><a href=\\"/sponsors\\" class=\\"f-nav__link\\">Sponsorship Opportunities</a></li>
                  <li class=\\"f-nav__item\\"><a href=\\"/coc\\" class=\\"f-nav__link\\">Code Of Conduct</a></li>
                  <li class=\\"f-nav__item\\"><a href=\\"mailto:hi@reactsummit.com\\" class=\\"f-nav__link\\">Email Us!</a></li>
                </ul>
              </div>
            </div>
          </div>
          <div class=\\"footer__basement\\" style=\\"background-image: url(img/f-bg.png)\\">
            <div class=\\"footer__logo\\">
              <div class=\\"f-logo\\">
                <span class=\\"f-logo__label\\">Event by</span>
                <span class=\\"f-logo__icon\\">
                  <img src=\\"img/Smile.svg\\" alt=\\"Frontend nation\\">
                </span>
                <a href=\\"https://gitnation.org\\" class=\\"f-logo__author\\">GitNation</a>
              </div>
            </div>
          </div>
        </footer>
      </div>
    </div>
    <!-- END content -->
    <!-- BEGIN scripts -->
    <script type=\\"text/javascript\\" src=\\"js/app.js\\"></script>
    <!-- END scripts -->
    <div style=\\"display: none;\\">
      <!--LiveInternet counter-->
      <script type=\\"text/javascript\\">
        document.write('<a href=\\"//www.liveinternet.ru/click\\" ' + 'target=\\"_blank\\"><img src=\\"//counter.yadro.ru/hit?t42.6;r' + escape(document.referrer) + ((typeof(screen) == 'undefined') ? '' : ';s' + screen.width + '*' + screen.height + '*' + (screen.colorDepth ? screen.colorDepth : screen.pixelDepth)) + ';u' + escape(document.URL) + ';h' + escape(document.title.substring(0, 150)) + ';' + Math.random() + '\\" alt=\\"\\" title=\\"LiveInternet\\" ' + 'border=\\"0\\" width=\\"31\\" height=\\"31\\"><\\\\/a>')

      </script>
      <!--/LiveInternet-->
    </div>
    <script type=\\"text/javascript\\">
      var _gauges = _gauges || [];
      (function()
      {
        var t = document.createElement('script');
        t.type = 'text/javascript';
        t.async = true;
        t.id = 'gauges-tracker';
        t.setAttribute('data-site-id', '582e1813bb922a0c00011365');
        t.setAttribute('data-track-path', 'https://track.gaug.es/track.gif');
        t.src = 'https://d36ee2fcip1434.cloudfront.net/track.js';
        var s = document.getElementsByTagName('script')[0];
        s.parentNode.insertBefore(t, s);
      })();

    </script>
    <!-- Facebook Pixel Code -->
    <script>
      ! function(f, b, e, v, n, t, s)
      {
        if (f.fbq) return;
        n = f.fbq = function()
        {
          n.callMethod ? n.callMethod.apply(n, arguments) : n.queue.push(arguments)
        };
        if (!f._fbq) f._fbq = n;
        n.push = n;
        n.loaded = !0;
        n.version = '2.0';
        n.queue = [];
        t = b.createElement(e);
        t.async = !0;
        t.src = v;
        s = b.getElementsByTagName(e)[0];
        s.parentNode.insertBefore(t, s)
      }(window, document, 'script', 'https://connect.facebook.net/en_US/fbevents.js');
      fbq('init', '1374905195888955');
      fbq('track', 'PageView');

    </script>
    <noscript><img height=\\"1\\" width=\\"1\\" style=\\"display:none\\" src=\\"https://www.facebook.com/tr?id=1374905195888955&ev=PageView&noscript=1\\" /></noscript>
    <!-- End Facebook Pixel Code -->
  </body>
</html>
"
`;
