// Jest Snapshot v1, https://goo.gl/fbAQLP

exports[`/home/usul/FocusReactive/GitNation/React.Amsterdam/build/react-jobs.html 1`] = `
"<!doctype html>
<html lang=\\"en\\">
  <head>
    <meta charset=\\"utf-8\\">
    <title>React Jobs from Most Notable React Community Supporters</title>
    <meta name=\\"viewport\\" content=\\"width=device-width, initial-scale=1.0\\" />
    <meta name=\\"keywords\\" content=\\"ReactJS, React, React Native, JavaScript, jobs, careers, graphql, conference\\">
    <meta name=\\"description\\" content=\\"React Summit is a full day two-track conference of all things React, gathering Front End developers across the globe in the tech heart of Europe.\\">
    <meta property=\\"og:url\\" content=\\"https://reactsummit.com/react-jobs\\" />
    <meta property=\\"og:title\\" content=\\"React Summit Amsterdam - The Biggest React Conference Worldwide\\" />
    <meta property=\\"og:description\\" content=\\"React Summit is a full day two-track conference of all things React, gathering Front End developers across the globe in the tech heart of Europe.\\" />
    <meta property=\\"og:image\\" content=\\"https://reactsummit.com/pic/og2019-jobs.jpg\\" />
    <meta name=\\"twitter:card\\" content=\\"summary_large_image\\">
    <meta name=\\"twitter:site\\" content=\\"@reactamsterdam\\">
    <meta http-equiv=\\"X-UA-Compatible\\" content=\\"IE=edge\\">
    <link rel=\\"stylesheet\\" media=\\"all\\" href=\\"css/app.css\\">
    <link rel=\\"stylesheet\\" href=\\"https://fonts.googleapis.com/css?family=Lato:300,400,500,700,900\\">
    <link rel=\\"shortcut icon\\" href=\\"img/favicon.png\\" />
  </head>
  <body>
    <!-- BEGIN content -->
    <div class=\\"out\\">
      <header class=\\"header \\">
        <div class=\\"header__inner js-menu\\">
          <div class=\\"header__socials graphcms-container\\" data-id=\\"ck0zi93n8phx10b853erl9psf\\" data-content-type=\\"2d89f139f3d042ab98d212062527eb82\\" data-id-alt=\\"\\" data-content-type-alt=\\"\\">
            <ul class=\\"social\\">
              <li class=\\"social__item\\"><a href=\\"https://twitter.com/reactamsterdam\\" class=\\"social__link\\" target=\\"_blank\\">
                  <svg class=\\"icon icon-tw\\">
                    <use xlink:href=\\"img/sprite.svg?v2#icon-tw\\"></use>
                  </svg>
                </a></li>
              <li class=\\"social__item\\"><a href=\\"https://www.facebook.com/reactamsterdam\\" class=\\"social__link\\" target=\\"_blank\\">
                  <svg class=\\"icon icon-fb\\">
                    <use xlink:href=\\"img/sprite.svg?v2#icon-fb\\"></use>
                  </svg>
                </a></li>
              <li class=\\"social__item\\"><a href=\\"https://youtube.com/c/ReactConferences\\" class=\\"social__link\\" target=\\"_blank\\">
                  <svg class=\\"icon icon-yb\\">
                    <use xlink:href=\\"img/sprite.svg?v2#icon-yb\\"></use>
                  </svg>
                </a></li>
              <li class=\\"social__item\\"><a href=\\"https://reactsummit.com/slack\\" class=\\"social__link\\" target=\\"_blank\\">
                  <svg class=\\"icon icon-sl\\">
                    <use xlink:href=\\"img/sprite.svg?v2#icon-sl\\"></use>
                  </svg>
                </a></li>
              <li class=\\"social__item\\"><a href=\\"https://medium.com/@ReactAmsterdam\\" class=\\"social__link\\" target=\\"_blank\\">
                  <svg class=\\"icon icon-md\\">
                    <use xlink:href=\\"img/sprite.svg?v2#icon-md\\"></use>
                  </svg>
                </a></li>
            </ul>
          </div>
          <div class=\\"header__nav graphcms-container\\" data-id=\\"ck182onb491lg0b71gwe31knv\\" data-content-type=\\"371641c28b044b00bf532b2dd6e1516d\\" data-id-alt=\\"\\" data-content-type-alt=\\"\\">
            <ul class=\\"nav\\">
              <li class=\\"nav__item\\"><a href=\\"/\\" class=\\"nav__link \\">Conference page</a></li>
            </ul>
          </div>
          <div class=\\"header__btn\\">
            <a class=\\"btn btn--gradient\\" href=\\"https://www.eventbrite.com/e/react-summit-amsterdam-2020-tickets-68861704211#tickets\\">Tickets</a>
          </div>
        </div>
        <div class=\\"header__burger\\">
          <div class=\\"burger js-burger\\">
            <span></span>
            <span></span>
            <span></span>
          </div>
        </div>
      </header>
      <div class=\\"main js-main\\">
        <div class=\\"hero\\" style=\\"background-image:url(img/jobs-bg.jpg);\\">
          <div class=\\"hero__inner graphcms-container\\" data-id=\\"ck182onb491lg0b71gwe31knv\\" data-content-type=\\"371641c28b044b00bf532b2dd6e1516d\\" data-id-alt=\\"\\" data-content-type-alt=\\"\\">
            <div class=\\"hero__logo\\">
              <a href=\\"/\\" class=\\"logo\\"><img src=\\"img/logo-summit.svg\\" alt=\\"React Summit Amsterdam\\"></a>
            </div>
            <div class=\\"hero__suptitle\\">React Summit Conference</div>
            <h1 class=\\"hero__title\\">Top React Jobs</h1>
            <div class=\\"hero__info\\">
              <ul class=\\"h-list h-list_min\\">
                <li class=\\"h-list__item\\">
                  <div class=\\"h-list__value\\">14</div>
                  <div class=\\"h-list__text\\">Partners</div>
                </li>
                <li class=\\"h-list__item\\">
                  <div class=\\"h-list__value\\">25+</div>
                  <div class=\\"h-list__text\\">Job offers</div>
                </li>
              </ul>
            </div>
          </div>
        </div>
        <section class=\\"section articles\\">
          <div class=\\"container\\">
            <div class=\\"articles__title\\">Would like to work together with the most notable React community supporters?</div>
            <div class=\\"articles__subtitle\\">Check out these React job offers form our partners.</div>
          </div>
          <div class=\\"articles__content\\">
          </div>
        </section>
        <footer class=\\"footer section\\">
          <div class=\\"container\\">
            <div class=\\"footer__main\\">
              <h3 class=\\"footer__title section__title\\">
                <span class=\\"graphcms-container\\" data-id=\\"ck1940qcxui7p0b854wsncbjv\\" data-content-type=\\"c04bfcdd2eed47b880588f5506ed4f5a\\" data-id-alt=\\"\\" data-content-type-alt=\\"\\"> Contact Us </span>
              </h3>
              <div class=\\"footer__socials graphcms-container\\" data-id=\\"ck0zi93n8phx10b853erl9psf\\" data-content-type=\\"2d89f139f3d042ab98d212062527eb82\\" data-id-alt=\\"\\" data-content-type-alt=\\"\\">
                <ul class=\\"social social--theme\\">
                  <li class=\\"social__item\\"><a href=\\"https://twitter.com/reactamsterdam\\" class=\\"social__link\\" target=\\"_blank\\">
                      <svg class=\\"icon icon-tw\\">
                        <use xlink:href=\\"img/sprite.svg?v2#icon-tw\\"></use>
                      </svg>
                    </a></li>
                  <li class=\\"social__item\\"><a href=\\"https://www.facebook.com/reactamsterdam\\" class=\\"social__link\\" target=\\"_blank\\">
                      <svg class=\\"icon icon-fb\\">
                        <use xlink:href=\\"img/sprite.svg?v2#icon-fb\\"></use>
                      </svg>
                    </a></li>
                  <li class=\\"social__item\\"><a href=\\"https://youtube.com/c/ReactConferences\\" class=\\"social__link\\" target=\\"_blank\\">
                      <svg class=\\"icon icon-yb\\">
                        <use xlink:href=\\"img/sprite.svg?v2#icon-yb\\"></use>
                      </svg>
                    </a></li>
                  <li class=\\"social__item\\"><a href=\\"https://medium.com/@ReactAmsterdam\\" class=\\"social__link\\" target=\\"_blank\\">
                      <svg class=\\"icon icon-md\\">
                        <use xlink:href=\\"img/sprite.svg?v2#icon-md\\"></use>
                      </svg>
                    </a></li>
                  <li class=\\"social__item\\"><a href=\\"https://reactsummit.com/slack\\" class=\\"social__link\\" target=\\"_blank\\">
                      <svg class=\\"icon icon-sl\\">
                        <use xlink:href=\\"img/sprite.svg?v2#icon-sl\\"></use>
                      </svg>
                    </a></li>
                </ul>
              </div>
              <div class=\\"footer__nav graphcms-container\\" data-id=\\"ck182onb491lg0b71gwe31knv\\" data-content-type=\\"371641c28b044b00bf532b2dd6e1516d\\" data-id-alt=\\"\\" data-content-type-alt=\\"\\">
                <ul class=\\"f-nav\\">
                  <li class=\\"f-nav__item\\"><a href=\\"/\\" class=\\"f-nav__link\\">Back to conference website</a></li>
                  <li class=\\"f-nav__item\\"><a href=\\"/sponsors\\" class=\\"f-nav__link\\">Sponsorship Opportunities</a></li>
                  <li class=\\"f-nav__item\\"><a href=\\"/coc\\" class=\\"f-nav__link\\">Code Of Conduct</a></li>
                  <li class=\\"f-nav__item\\"><a href=\\"mailto:hi@reactsummit.com\\" class=\\"f-nav__link\\">Email Us!</a></li>
                </ul>
              </div>
            </div>
          </div>
          <div class=\\"footer__basement\\" style=\\"background-image: url(img/f-bg.png)\\">
            <div class=\\"footer__logo\\">
              <div class=\\"f-logo\\">
                <span class=\\"f-logo__label\\">Event by</span>
                <span class=\\"f-logo__icon\\">
                  <img src=\\"img/Smile.svg\\" alt=\\"Frontend nation\\">
                </span>
                <a href=\\"https://gitnation.org\\" class=\\"f-logo__author\\">GitNation</a>
              </div>
            </div>
          </div>
        </footer>
      </div>
    </div>
    <!-- END content -->
    <!-- BEGIN scripts -->
    <script type=\\"text/javascript\\" src=\\"js/app.js\\"></script>
    <!-- END scripts -->
    <div style=\\"display: none;\\">
      <!--LiveInternet counter-->
      <script type=\\"text/javascript\\">
        document.write('<a href=\\"//www.liveinternet.ru/click\\" ' + 'target=\\"_blank\\"><img src=\\"//counter.yadro.ru/hit?t42.6;r' + escape(document.referrer) + ((typeof(screen) == 'undefined') ? '' : ';s' + screen.width + '*' + screen.height + '*' + (screen.colorDepth ? screen.colorDepth : screen.pixelDepth)) + ';u' + escape(document.URL) + ';h' + escape(document.title.substring(0, 150)) + ';' + Math.random() + '\\" alt=\\"\\" title=\\"LiveInternet\\" ' + 'border=\\"0\\" width=\\"31\\" height=\\"31\\"><\\\\/a>')

      </script>
      <!--/LiveInternet-->
    </div>
    <script type=\\"text/javascript\\">
      var _gauges = _gauges || [];
      (function()
      {
        var t = document.createElement('script');
        t.type = 'text/javascript';
        t.async = true;
        t.id = 'gauges-tracker';
        t.setAttribute('data-site-id', '582e1813bb922a0c00011365');
        t.setAttribute('data-track-path', 'https://track.gaug.es/track.gif');
        t.src = 'https://d36ee2fcip1434.cloudfront.net/track.js';
        var s = document.getElementsByTagName('script')[0];
        s.parentNode.insertBefore(t, s);
      })();

    </script>
    <!-- Facebook Pixel Code -->
    <script>
      ! function(f, b, e, v, n, t, s)
      {
        if (f.fbq) return;
        n = f.fbq = function()
        {
          n.callMethod ? n.callMethod.apply(n, arguments) : n.queue.push(arguments)
        };
        if (!f._fbq) f._fbq = n;
        n.push = n;
        n.loaded = !0;
        n.version = '2.0';
        n.queue = [];
        t = b.createElement(e);
        t.async = !0;
        t.src = v;
        s = b.getElementsByTagName(e)[0];
        s.parentNode.insertBefore(t, s)
      }(window, document, 'script', 'https://connect.facebook.net/en_US/fbevents.js');
      fbq('init', '1374905195888955');
      fbq('track', 'PageView');

    </script>
    <noscript><img height=\\"1\\" width=\\"1\\" style=\\"display:none\\" src=\\"https://www.facebook.com/tr?id=1374905195888955&ev=PageView&noscript=1\\" /></noscript>
    <!-- End Facebook Pixel Code -->
  </body>
</html>
"
`;
